<?xml version="1.0" encoding="UTF-8"?>
<testsuites name="jest tests" tests="4" failures="0" errors="0" time="1.551">
  <testsuite name="markdown" errors="0" failures="0" skipped="0" timestamp="2022-03-26T23:08:33" time="0.626" tests="4">
    <testcase classname="markdown markdownToHtml should contain title html for given markdown" name="markdown markdownToHtml should contain title html for given markdown" time="0.007">
    </testcase>
    <testcase classname="markdown markdownToHtml should contain paragraph html for given markdown" name="markdown markdownToHtml should contain paragraph html for given markdown" time="0.001">
    </testcase>
    <testcase classname="markdown markdownToHtml should handle empty string input" name="markdown markdownToHtml should handle empty string input" time="0.001">
    </testcase>
    <testcase classname="markdown readMarkdown should read the file content for a valid path" name="markdown readMarkdown should read the file content for a valid path" time="0.003">
    </testcase>
  </testsuite>
</testsuites>